// Jest Snapshot v1, https://goo.gl/fbAQLP

exports[`Test Ingredient component Should render values 1`] = `
ShallowWrapper {
  Symbol(enzyme.__root__): [Circular],
  Symbol(enzyme.__unrendered__): <ReceiptItem
    price={1}
    text="Test"
  />,
  Symbol(enzyme.__renderer__): Object {
    "batchedUpdates": [Function],
    "checkPropTypes": [Function],
    "getNode": [Function],
    "render": [Function],
    "simulateError": [Function],
    "simulateEvent": [Function],
    "unmount": [Function],
  },
  Symbol(enzyme.__node__): Object {
    "instance": null,
    "key": undefined,
    "nodeType": "host",
    "props": Object {
      "children": Array [
        <div
          className="receipt__item__desc"
        >
          Test
        </div>,
        <div
          className="receipt__item__price"
        >
          R$ 
          1,00
        </div>,
      ],
      "className": "receipt__item undefined",
    },
    "ref": null,
    "rendered": Array [
      Object {
        "instance": null,
        "key": undefined,
        "nodeType": "host",
        "props": Object {
          "children": "Test",
          "className": "receipt__item__desc",
        },
        "ref": null,
        "rendered": "Test",
        "type": "div",
      },
      Object {
        "instance": null,
        "key": undefined,
        "nodeType": "host",
        "props": Object {
          "children": Array [
            "R$ ",
            "1,00",
          ],
          "className": "receipt__item__price",
        },
        "ref": null,
        "rendered": Array [
          "R$ ",
          "1,00",
        ],
        "type": "div",
      },
    ],
    "type": "div",
  },
  Symbol(enzyme.__nodes__): Array [
    Object {
      "instance": null,
      "key": undefined,
      "nodeType": "host",
      "props": Object {
        "children": Array [
          <div
            className="receipt__item__desc"
          >
            Test
          </div>,
          <div
            className="receipt__item__price"
          >
            R$ 
            1,00
          </div>,
        ],
        "className": "receipt__item undefined",
      },
      "ref": null,
      "rendered": Array [
        Object {
          "instance": null,
          "key": undefined,
          "nodeType": "host",
          "props": Object {
            "children": "Test",
            "className": "receipt__item__desc",
          },
          "ref": null,
          "rendered": "Test",
          "type": "div",
        },
        Object {
          "instance": null,
          "key": undefined,
          "nodeType": "host",
          "props": Object {
            "children": Array [
              "R$ ",
              "1,00",
            ],
            "className": "receipt__item__price",
          },
          "ref": null,
          "rendered": Array [
            "R$ ",
            "1,00",
          ],
          "type": "div",
        },
      ],
      "type": "div",
    },
  ],
  Symbol(enzyme.__options__): Object {
    "adapter": ReactSixteenAdapter {
      "options": Object {
        "enableComponentDidUpdateOnSetState": true,
        "legacyContextMode": "parent",
        "lifecycles": Object {
          "componentDidUpdate": Object {
            "onSetState": true,
          },
          "getChildContext": Object {
            "calledByRenderer": false,
          },
          "getDerivedStateFromProps": true,
          "getSnapshotBeforeUpdate": true,
          "setState": Object {
            "skipsComponentDidUpdateOnNullish": true,
          },
        },
      },
    },
  },
}
`;
