// Jest Snapshot v1, https://goo.gl/fbAQLP

exports[`Test Home Screen Should render empty with no errors 1`] = `
<div>
  <div
    class="home__diy"
  >
    <a
      class="home__diy__button"
      href="/order"
    >
      Monte você mesmo
    </a>
  </div>
  <div
    class="home__menu"
  >
    <h1>
      Escolher no cardápio
    </h1>
  </div>
</div>
`;
