// Jest Snapshot v1, https://goo.gl/fbAQLP

exports[`Test MenuItem component Should render with no errors 1`] = `
ShallowWrapper {
  Symbol(enzyme.__root__): [Circular],
  Symbol(enzyme.__unrendered__): <MenuItem
    to="/"
  />,
  Symbol(enzyme.__renderer__): Object {
    "batchedUpdates": [Function],
    "checkPropTypes": [Function],
    "getNode": [Function],
    "render": [Function],
    "simulateError": [Function],
    "simulateEvent": [Function],
    "unmount": [Function],
  },
  Symbol(enzyme.__node__): Object {
    "instance": null,
    "key": undefined,
    "nodeType": "class",
    "props": Object {
      "children": Array [
        <div
          className="menu_item__photo"
        >
          <img />
        </div>,
        <div
          className="menu_item__info"
        >
          <div
            className="menu_item__info--title"
          />
          <div
            className="menu_item__info--desc"
          />
          <div
            className="menu_item__info--price"
          >
            R$ 
            0,00
          </div>
        </div>,
        <div
          className="menu_item__cart"
        >
          <pure(AddShoppingCartOutlinedIcon) />
        </div>,
      ],
      "className": "menu_item",
      "replace": false,
      "to": "/",
    },
    "ref": null,
    "rendered": Array [
      Object {
        "instance": null,
        "key": undefined,
        "nodeType": "host",
        "props": Object {
          "children": <img />,
          "className": "menu_item__photo",
        },
        "ref": null,
        "rendered": Object {
          "instance": null,
          "key": undefined,
          "nodeType": "host",
          "props": Object {
            "alt": undefined,
            "src": undefined,
          },
          "ref": null,
          "rendered": null,
          "type": "img",
        },
        "type": "div",
      },
      Object {
        "instance": null,
        "key": undefined,
        "nodeType": "host",
        "props": Object {
          "children": Array [
            <div
              className="menu_item__info--title"
            />,
            <div
              className="menu_item__info--desc"
            />,
            <div
              className="menu_item__info--price"
            >
              R$ 
              0,00
            </div>,
          ],
          "className": "menu_item__info",
        },
        "ref": null,
        "rendered": Array [
          Object {
            "instance": null,
            "key": undefined,
            "nodeType": "host",
            "props": Object {
              "children": undefined,
              "className": "menu_item__info--title",
            },
            "ref": null,
            "rendered": null,
            "type": "div",
          },
          Object {
            "instance": null,
            "key": undefined,
            "nodeType": "host",
            "props": Object {
              "children": undefined,
              "className": "menu_item__info--desc",
            },
            "ref": null,
            "rendered": null,
            "type": "div",
          },
          Object {
            "instance": null,
            "key": undefined,
            "nodeType": "host",
            "props": Object {
              "children": Array [
                "R$ ",
                "0,00",
              ],
              "className": "menu_item__info--price",
            },
            "ref": null,
            "rendered": Array [
              "R$ ",
              "0,00",
            ],
            "type": "div",
          },
        ],
        "type": "div",
      },
      Object {
        "instance": null,
        "key": undefined,
        "nodeType": "host",
        "props": Object {
          "children": <pure(AddShoppingCartOutlinedIcon) />,
          "className": "menu_item__cart",
        },
        "ref": null,
        "rendered": Object {
          "instance": null,
          "key": undefined,
          "nodeType": "class",
          "props": Object {},
          "ref": null,
          "rendered": null,
          "type": [Function],
        },
        "type": "div",
      },
    ],
    "type": [Function],
  },
  Symbol(enzyme.__nodes__): Array [
    Object {
      "instance": null,
      "key": undefined,
      "nodeType": "class",
      "props": Object {
        "children": Array [
          <div
            className="menu_item__photo"
          >
            <img />
          </div>,
          <div
            className="menu_item__info"
          >
            <div
              className="menu_item__info--title"
            />
            <div
              className="menu_item__info--desc"
            />
            <div
              className="menu_item__info--price"
            >
              R$ 
              0,00
            </div>
          </div>,
          <div
            className="menu_item__cart"
          >
            <pure(AddShoppingCartOutlinedIcon) />
          </div>,
        ],
        "className": "menu_item",
        "replace": false,
        "to": "/",
      },
      "ref": null,
      "rendered": Array [
        Object {
          "instance": null,
          "key": undefined,
          "nodeType": "host",
          "props": Object {
            "children": <img />,
            "className": "menu_item__photo",
          },
          "ref": null,
          "rendered": Object {
            "instance": null,
            "key": undefined,
            "nodeType": "host",
            "props": Object {
              "alt": undefined,
              "src": undefined,
            },
            "ref": null,
            "rendered": null,
            "type": "img",
          },
          "type": "div",
        },
        Object {
          "instance": null,
          "key": undefined,
          "nodeType": "host",
          "props": Object {
            "children": Array [
              <div
                className="menu_item__info--title"
              />,
              <div
                className="menu_item__info--desc"
              />,
              <div
                className="menu_item__info--price"
              >
                R$ 
                0,00
              </div>,
            ],
            "className": "menu_item__info",
          },
          "ref": null,
          "rendered": Array [
            Object {
              "instance": null,
              "key": undefined,
              "nodeType": "host",
              "props": Object {
                "children": undefined,
                "className": "menu_item__info--title",
              },
              "ref": null,
              "rendered": null,
              "type": "div",
            },
            Object {
              "instance": null,
              "key": undefined,
              "nodeType": "host",
              "props": Object {
                "children": undefined,
                "className": "menu_item__info--desc",
              },
              "ref": null,
              "rendered": null,
              "type": "div",
            },
            Object {
              "instance": null,
              "key": undefined,
              "nodeType": "host",
              "props": Object {
                "children": Array [
                  "R$ ",
                  "0,00",
                ],
                "className": "menu_item__info--price",
              },
              "ref": null,
              "rendered": Array [
                "R$ ",
                "0,00",
              ],
              "type": "div",
            },
          ],
          "type": "div",
        },
        Object {
          "instance": null,
          "key": undefined,
          "nodeType": "host",
          "props": Object {
            "children": <pure(AddShoppingCartOutlinedIcon) />,
            "className": "menu_item__cart",
          },
          "ref": null,
          "rendered": Object {
            "instance": null,
            "key": undefined,
            "nodeType": "class",
            "props": Object {},
            "ref": null,
            "rendered": null,
            "type": [Function],
          },
          "type": "div",
        },
      ],
      "type": [Function],
    },
  ],
  Symbol(enzyme.__options__): Object {
    "adapter": ReactSixteenAdapter {
      "options": Object {
        "enableComponentDidUpdateOnSetState": true,
        "legacyContextMode": "parent",
        "lifecycles": Object {
          "componentDidUpdate": Object {
            "onSetState": true,
          },
          "getChildContext": Object {
            "calledByRenderer": false,
          },
          "getDerivedStateFromProps": true,
          "getSnapshotBeforeUpdate": true,
          "setState": Object {
            "skipsComponentDidUpdateOnNullish": true,
          },
        },
      },
    },
  },
}
`;
