// Jest Snapshot v1, https://goo.gl/fbAQLP

exports[`Test Ingredient component Should render with no errors 1`] = `
ShallowWrapper {
  Symbol(enzyme.__root__): [Circular],
  Symbol(enzyme.__unrendered__): <Ingredient />,
  Symbol(enzyme.__renderer__): Object {
    "batchedUpdates": [Function],
    "checkPropTypes": [Function],
    "getNode": [Function],
    "render": [Function],
    "simulateError": [Function],
    "simulateEvent": [Function],
    "unmount": [Function],
  },
  Symbol(enzyme.__node__): Object {
    "instance": null,
    "key": undefined,
    "nodeType": "host",
    "props": Object {
      "children": Array [
        <div
          className="ingredient__photo"
        >
          <img />
        </div>,
        <div
          className="ingredient__info"
        >
          <div
            className="ingredient__info--title"
          />
          <div
            className="ingredient__info--price"
          >
            R$ 
            0,00
          </div>
        </div>,
        <div
          className="ingredient__cart"
        >
          <button
            disabled={true}
            type="button"
          >
            <pure(RemoveIcon) />
          </button>
          0
          <button
            onClick={[Function]}
            type="button"
          >
            <pure(AddIcon) />
          </button>
        </div>,
      ],
      "className": "ingredient",
    },
    "ref": null,
    "rendered": Array [
      Object {
        "instance": null,
        "key": undefined,
        "nodeType": "host",
        "props": Object {
          "children": <img />,
          "className": "ingredient__photo",
        },
        "ref": null,
        "rendered": Object {
          "instance": null,
          "key": undefined,
          "nodeType": "host",
          "props": Object {
            "alt": undefined,
            "src": undefined,
          },
          "ref": null,
          "rendered": null,
          "type": "img",
        },
        "type": "div",
      },
      Object {
        "instance": null,
        "key": undefined,
        "nodeType": "host",
        "props": Object {
          "children": Array [
            <div
              className="ingredient__info--title"
            />,
            <div
              className="ingredient__info--price"
            >
              R$ 
              0,00
            </div>,
          ],
          "className": "ingredient__info",
        },
        "ref": null,
        "rendered": Array [
          Object {
            "instance": null,
            "key": undefined,
            "nodeType": "host",
            "props": Object {
              "children": undefined,
              "className": "ingredient__info--title",
            },
            "ref": null,
            "rendered": null,
            "type": "div",
          },
          Object {
            "instance": null,
            "key": undefined,
            "nodeType": "host",
            "props": Object {
              "children": Array [
                "R$ ",
                "0,00",
              ],
              "className": "ingredient__info--price",
            },
            "ref": null,
            "rendered": Array [
              "R$ ",
              "0,00",
            ],
            "type": "div",
          },
        ],
        "type": "div",
      },
      Object {
        "instance": null,
        "key": undefined,
        "nodeType": "host",
        "props": Object {
          "children": Array [
            <button
              disabled={true}
              type="button"
            >
              <pure(RemoveIcon) />
            </button>,
            0,
            <button
              onClick={[Function]}
              type="button"
            >
              <pure(AddIcon) />
            </button>,
          ],
          "className": "ingredient__cart",
        },
        "ref": null,
        "rendered": Array [
          Object {
            "instance": null,
            "key": undefined,
            "nodeType": "host",
            "props": Object {
              "children": <pure(RemoveIcon) />,
              "disabled": true,
              "type": "button",
            },
            "ref": null,
            "rendered": Object {
              "instance": null,
              "key": undefined,
              "nodeType": "class",
              "props": Object {},
              "ref": null,
              "rendered": null,
              "type": [Function],
            },
            "type": "button",
          },
          0,
          Object {
            "instance": null,
            "key": undefined,
            "nodeType": "host",
            "props": Object {
              "children": <pure(AddIcon) />,
              "onClick": [Function],
              "type": "button",
            },
            "ref": null,
            "rendered": Object {
              "instance": null,
              "key": undefined,
              "nodeType": "class",
              "props": Object {},
              "ref": null,
              "rendered": null,
              "type": [Function],
            },
            "type": "button",
          },
        ],
        "type": "div",
      },
    ],
    "type": "div",
  },
  Symbol(enzyme.__nodes__): Array [
    Object {
      "instance": null,
      "key": undefined,
      "nodeType": "host",
      "props": Object {
        "children": Array [
          <div
            className="ingredient__photo"
          >
            <img />
          </div>,
          <div
            className="ingredient__info"
          >
            <div
              className="ingredient__info--title"
            />
            <div
              className="ingredient__info--price"
            >
              R$ 
              0,00
            </div>
          </div>,
          <div
            className="ingredient__cart"
          >
            <button
              disabled={true}
              type="button"
            >
              <pure(RemoveIcon) />
            </button>
            0
            <button
              onClick={[Function]}
              type="button"
            >
              <pure(AddIcon) />
            </button>
          </div>,
        ],
        "className": "ingredient",
      },
      "ref": null,
      "rendered": Array [
        Object {
          "instance": null,
          "key": undefined,
          "nodeType": "host",
          "props": Object {
            "children": <img />,
            "className": "ingredient__photo",
          },
          "ref": null,
          "rendered": Object {
            "instance": null,
            "key": undefined,
            "nodeType": "host",
            "props": Object {
              "alt": undefined,
              "src": undefined,
            },
            "ref": null,
            "rendered": null,
            "type": "img",
          },
          "type": "div",
        },
        Object {
          "instance": null,
          "key": undefined,
          "nodeType": "host",
          "props": Object {
            "children": Array [
              <div
                className="ingredient__info--title"
              />,
              <div
                className="ingredient__info--price"
              >
                R$ 
                0,00
              </div>,
            ],
            "className": "ingredient__info",
          },
          "ref": null,
          "rendered": Array [
            Object {
              "instance": null,
              "key": undefined,
              "nodeType": "host",
              "props": Object {
                "children": undefined,
                "className": "ingredient__info--title",
              },
              "ref": null,
              "rendered": null,
              "type": "div",
            },
            Object {
              "instance": null,
              "key": undefined,
              "nodeType": "host",
              "props": Object {
                "children": Array [
                  "R$ ",
                  "0,00",
                ],
                "className": "ingredient__info--price",
              },
              "ref": null,
              "rendered": Array [
                "R$ ",
                "0,00",
              ],
              "type": "div",
            },
          ],
          "type": "div",
        },
        Object {
          "instance": null,
          "key": undefined,
          "nodeType": "host",
          "props": Object {
            "children": Array [
              <button
                disabled={true}
                type="button"
              >
                <pure(RemoveIcon) />
              </button>,
              0,
              <button
                onClick={[Function]}
                type="button"
              >
                <pure(AddIcon) />
              </button>,
            ],
            "className": "ingredient__cart",
          },
          "ref": null,
          "rendered": Array [
            Object {
              "instance": null,
              "key": undefined,
              "nodeType": "host",
              "props": Object {
                "children": <pure(RemoveIcon) />,
                "disabled": true,
                "type": "button",
              },
              "ref": null,
              "rendered": Object {
                "instance": null,
                "key": undefined,
                "nodeType": "class",
                "props": Object {},
                "ref": null,
                "rendered": null,
                "type": [Function],
              },
              "type": "button",
            },
            0,
            Object {
              "instance": null,
              "key": undefined,
              "nodeType": "host",
              "props": Object {
                "children": <pure(AddIcon) />,
                "onClick": [Function],
                "type": "button",
              },
              "ref": null,
              "rendered": Object {
                "instance": null,
                "key": undefined,
                "nodeType": "class",
                "props": Object {},
                "ref": null,
                "rendered": null,
                "type": [Function],
              },
              "type": "button",
            },
          ],
          "type": "div",
        },
      ],
      "type": "div",
    },
  ],
  Symbol(enzyme.__options__): Object {
    "adapter": ReactSixteenAdapter {
      "options": Object {
        "enableComponentDidUpdateOnSetState": true,
        "legacyContextMode": "parent",
        "lifecycles": Object {
          "componentDidUpdate": Object {
            "onSetState": true,
          },
          "getChildContext": Object {
            "calledByRenderer": false,
          },
          "getDerivedStateFromProps": true,
          "getSnapshotBeforeUpdate": true,
          "setState": Object {
            "skipsComponentDidUpdateOnNullish": true,
          },
        },
      },
    },
  },
}
`;
